// Jest Snapshot v1, https://goo.gl/fbAQLP

exports[`CeoName component 1`] = `
<DocumentFragment>
  <div
    class="css-1tgedd4-CeoName"
  >
    <div>
      <form
        class="css-11qy8o7-InputNameCeo"
      >
        <input
          aria-label="CEO name"
          class="css-lrjsfw-InputNameCeo"
          name="ceo"
          placeholder="Ceo's Name"
          type="text"
        />
      </form>
    </div>
  </div>
</DocumentFragment>
`;
