// Jest Snapshot v1, https://goo.gl/fbAQLP

exports[`ChartView component 1`] = `
<DocumentFragment>
  <div>
    <div
      class="css-dvxtzn"
    >
      <article
        class="css-1cp7u4q"
      >
        <header
          class="css-1dn0xi0"
        >
          <h2
            class="css-1gl3xas"
          >
            CEO
          </h2>
        </header>
        <p
          class="css-1m38isb"
        />
        <p
          class="css-1m413xu"
        >
          <button
            class="css-1b02a2r-InputCollaborator"
          >
            +
          </button>
        </p>
      </article>
      <div
        class="css-p58oka"
      >
        <div
          class="css-dvxtzn"
        >
          <article
            class="css-1cp7u4q"
          >
            <header
              class="css-1dn0xi0"
            >
              <h2
                class="css-1gl3xas"
              >
                Product Manager
              </h2>
            </header>
            <p
              class="css-1m38isb"
            >
              Mayra Navarro
            </p>
            <p
              class="css-1m413xu"
            >
              <button
                class="css-1b02a2r-InputCollaborator"
              >
                +
              </button>
            </p>
          </article>
          <div
            class="css-p58oka"
          />
        </div>
        <div
          class="css-dvxtzn"
        >
          <article
            class="css-1cp7u4q"
          >
            <header
              class="css-1dn0xi0"
            >
              <h2
                class="css-1gl3xas"
              >
                Tech Lead
              </h2>
            </header>
            <p
              class="css-1m38isb"
            >
              Deivy Conde
            </p>
            <p
              class="css-1m413xu"
            >
              <button
                class="css-1b02a2r-InputCollaborator"
              >
                +
              </button>
            </p>
          </article>
          <div
            class="css-p58oka"
          >
            <div
              class="css-dvxtzn"
            >
              <article
                class="css-1cp7u4q"
              >
                <header
                  class="css-1dn0xi0"
                >
                  <h2
                    class="css-1gl3xas"
                  >
                    Tech Lead
                  </h2>
                </header>
                <p
                  class="css-1m38isb"
                >
                  Cristian Granda
                </p>
                <p
                  class="css-1m413xu"
                >
                  <button
                    class="css-1b02a2r-InputCollaborator"
                  >
                    +
                  </button>
                </p>
              </article>
              <div
                class="css-p58oka"
              />
            </div>
            <div
              class="css-dvxtzn"
            >
              <article
                class="css-1cp7u4q"
              >
                <header
                  class="css-1dn0xi0"
                >
                  <h2
                    class="css-1gl3xas"
                  >
                    Tech Lead
                  </h2>
                </header>
                <p
                  class="css-1m38isb"
                >
                  Cesar Cachay
                </p>
                <p
                  class="css-1m413xu"
                >
                  <button
                    class="css-1b02a2r-InputCollaborator"
                  >
                    +
                  </button>
                </p>
              </article>
              <div
                class="css-p58oka"
              />
            </div>
          </div>
        </div>
        <div
          class="css-dvxtzn"
        >
          <article
            class="css-1cp7u4q"
          >
            <header
              class="css-1dn0xi0"
            >
              <h2
                class="css-1gl3xas"
              >
                Tech Lead
              </h2>
            </header>
            <p
              class="css-1m38isb"
            >
              Ricardo Yrupailla
            </p>
            <p
              class="css-1m413xu"
            >
              <button
                class="css-1b02a2r-InputCollaborator"
              >
                +
              </button>
            </p>
          </article>
          <div
            class="css-p58oka"
          >
            <div
              class="css-dvxtzn"
            >
              <article
                class="css-1cp7u4q"
              >
                <header
                  class="css-1dn0xi0"
                >
                  <h2
                    class="css-1gl3xas"
                  >
                    Tech Lead
                  </h2>
                </header>
                <p
                  class="css-1m38isb"
                >
                  Diego Cuevas
                </p>
                <p
                  class="css-1m413xu"
                >
                  <button
                    class="css-1b02a2r-InputCollaborator"
                  >
                    +
                  </button>
                </p>
              </article>
              <div
                class="css-p58oka"
              >
                <div
                  class="css-dvxtzn"
                >
                  <article
                    class="css-1cp7u4q"
                  >
                    <header
                      class="css-1dn0xi0"
                    >
                      <h2
                        class="css-1gl3xas"
                      >
                        Tech Lead
                      </h2>
                    </header>
                    <p
                      class="css-1m38isb"
                    >
                      Christopher Roa
                    </p>
                    <p
                      class="css-1m413xu"
                    >
                      <button
                        class="css-1b02a2r-InputCollaborator"
                      >
                        +
                      </button>
                    </p>
                  </article>
                  <div
                    class="css-p58oka"
                  />
                </div>
                <div
                  class="css-dvxtzn"
                >
                  <article
                    class="css-1cp7u4q"
                  >
                    <header
                      class="css-1dn0xi0"
                    >
                      <h2
                        class="css-1gl3xas"
                      >
                        Tech Lead
                      </h2>
                    </header>
                    <p
                      class="css-1m38isb"
                    >
                      Frank Condezo
                    </p>
                    <p
                      class="css-1m413xu"
                    >
                      <button
                        class="css-1b02a2r-InputCollaborator"
                      >
                        +
                      </button>
                    </p>
                  </article>
                  <div
                    class="css-p58oka"
                  />
                </div>
              </div>
            </div>
          </div>
        </div>
      </div>
    </div>
  </div>
</DocumentFragment>
`;
