// Jest Snapshot v1, https://goo.gl/fbAQLP

exports[`ChartView component 1`] = `
<DocumentFragment>
  <div>
    <section>
      <div
        class="css-rcxkfs"
      >
        0
      </div>
      <div
        class="css-1xhj18k"
      >
        <section>
          <div
            class="css-rcxkfs"
          >
            01
          </div>
          <div
            class="css-1xhj18k"
          />
        </section>
        <section>
          <div
            class="css-rcxkfs"
          >
            02
          </div>
          <div
            class="css-1xhj18k"
          >
            <section>
              <div
                class="css-rcxkfs"
              >
                27
              </div>
              <div
                class="css-1xhj18k"
              />
            </section>
            <section>
              <div
                class="css-rcxkfs"
              >
                28
              </div>
              <div
                class="css-1xhj18k"
              />
            </section>
          </div>
        </section>
        <section>
          <div
            class="css-rcxkfs"
          >
            03
          </div>
          <div
            class="css-1xhj18k"
          >
            <section>
              <div
                class="css-rcxkfs"
              >
                34
              </div>
              <div
                class="css-1xhj18k"
              >
                <section>
                  <div
                    class="css-rcxkfs"
                  >
                    45
                  </div>
                  <div
                    class="css-1xhj18k"
                  />
                </section>
                <section>
                  <div
                    class="css-rcxkfs"
                  >
                    46
                  </div>
                  <div
                    class="css-1xhj18k"
                  />
                </section>
              </div>
            </section>
          </div>
        </section>
      </div>
    </section>
  </div>
</DocumentFragment>
`;
