// Jest Snapshot v1, https://goo.gl/fbAQLP

exports[`Create Company component 1`] = `
<DocumentFragment>
  <div
    css="[object Object]"
  >
    <form>
      <input
        name="company"
        placeholder="Company's name..."
        type="text"
      />
    </form>
  </div>
</DocumentFragment>
`;
